I'm sorry, but errors were detected in your script. Please correct the
errors listed below, and try again.


File "game/screens.rpy", line 1329: expected statement.
    m
     ^

Ren'Py Version: Ren'Py 7.4.11.2266
Tue Jul 19 23:45:00 2022
